ѕервый запуск Ч заполн€ю базу текущими ваканси€ми (без спама).
[hh] ошибка запроса 'Python junior' remote=False: 403 Client Error: Forbidden for url: https://api.hh.ru/vacancies?text=Python+junior&area=113&experience=noExperience&period=1&per_page=50&order_by=publication_time
[hh] ошибка запроса 'Python junior' remote=True: 403 Client Error: Forbidden for url: https://api.hh.ru/vacancies?text=Python+junior&area=113&experience=noExperience&period=1&per_page=50&order_by=publication_time&schedule=remote
[hh] ошибка запроса 'Python стажер' remote=False: 403 Client Error: Forbidden for url: https://api.hh.ru/vacancies?text=Python+%D1%81%D1%82%D0%B0%D0%B6%D0%B5%D1%80&area=113&experience=noExperience&period=1&per_page=50&order_by=publication_time
[hh] ошибка запроса 'Python стажер' remote=True: 403 Client Error: Forbidden for url: https://api.hh.ru/vacancies?text=Python+%D1%81%D1%82%D0%B0%D0%B6%D0%B5%D1%80&area=113&experience=noExperience&period=1&per_page=50&order_by=publication_time&schedule=remote
[hh] ошибка запроса 'Python разработчик' remote=False: 403 Client Error: Forbidden for url: https://api.hh.ru/vacancies?text=Python+%D1%80%D0%B0%D0%B7%D1%80%D0%B0%D0%B1%D0%BE%D1%82%D1%87%D0%B8%D0%BA&area=113&experience=noExperience&period=1&per_page=50&order_by=publication_time
[hh] ошибка запроса 'Python разработчик' remote=True: 403 Client Error: Forbidden for url: https://api.hh.ru/vacancies?text=Python+%D1%80%D0%B0%D0%B7%D1%80%D0%B0%D0%B1%D0%BE%D1%82%D1%87%D0%B8%D0%BA&area=113&experience=noExperience&period=1&per_page=50&order_by=publication_time&schedule=remote
[hh] ошибка запроса 'FastAPI' remote=False: 403 Client Error: Forbidden for url: https://api.hh.ru/vacancies?text=FastAPI&area=113&experience=noExperience&period=1&per_page=50&order_by=publication_time
[hh] ошибка запроса 'FastAPI' remote=True: 403 Client Error: Forbidden for url: https://api.hh.ru/vacancies?text=FastAPI&area=113&experience=noExperience&period=1&per_page=50&order_by=publication_time&schedule=remote
[hh] ошибка запроса 'Django junior' remote=False: 403 Client Error: Forbidden for url: https://api.hh.ru/vacancies?text=Django+junior&area=113&experience=noExperience&period=1&per_page=50&order_by=publication_time
[hh] ошибка запроса 'Django junior' remote=True: 403 Client Error: Forbidden for url: https://api.hh.ru/vacancies?text=Django+junior&area=113&experience=noExperience&period=1&per_page=50&order_by=publication_time&schedule=remote
[hh] ошибка запроса 'backend junior' remote=False: 403 Client Error: Forbidden for url: https://api.hh.ru/vacancies?text=backend+junior&area=113&experience=noExperience&period=1&per_page=50&order_by=publication_time
[hh] ошибка запроса 'backend junior' remote=True: 403 Client Error: Forbidden for url: https://api.hh.ru/vacancies?text=backend+junior&area=113&experience=noExperience&period=1&per_page=50&order_by=publication_time&schedule=remote
[hh] ошибка запроса 'AI' remote=False: 403 Client Error: Forbidden for url: https://api.hh.ru/vacancies?text=AI&area=113&experience=noExperience&period=1&per_page=50&order_by=publication_time
[hh] ошибка запроса 'AI' remote=True: 403 Client Error: Forbidden for url: https://api.hh.ru/vacancies?text=AI&area=113&experience=noExperience&period=1&per_page=50&order_by=publication_time&schedule=remote
[hh] ошибка запроса 'machine learning junior' remote=False: 403 Client Error: Forbidden for url: https://api.hh.ru/vacancies?text=machine+learning+junior&area=113&experience=noExperience&period=1&per_page=50&order_by=publication_time
[hh] ошибка запроса 'machine learning junior' remote=True: 403 Client Error: Forbidden for url: https://api.hh.ru/vacancies?text=machine+learning+junior&area=113&experience=noExperience&period=1&per_page=50&order_by=publication_time&schedule=remote
[hh] ошибка запроса 'data analyst junior' remote=False: 403 Client Error: Forbidden for url: https://api.hh.ru/vacancies?text=data+analyst+junior&area=113&experience=noExperience&period=1&per_page=50&order_by=publication_time
[hh] ошибка запроса 'data analyst junior' remote=True: 403 Client Error: Forbidden for url: https://api.hh.ru/vacancies?text=data+analyst+junior&area=113&experience=noExperience&period=1&per_page=50&order_by=publication_time&schedule=remote
[hh] ошибка запроса 'QA junior' remote=False: 403 Client Error: Forbidden for url: https://api.hh.ru/vacancies?text=QA+junior&area=113&experience=noExperience&period=1&per_page=50&order_by=publication_time
[hh] ошибка запроса 'QA junior' remote=True: 403 Client Error: Forbidden for url: https://api.hh.ru/vacancies?text=QA+junior&area=113&experience=noExperience&period=1&per_page=50&order_by=publication_time&schedule=remote
[13:07:10] проверка завершена, новых отправлено: 0
